// Jest Snapshot v1, https://goo.gl/fbAQLP

exports[`[Queries.NewYorkTimesAPI] fetches an array of articles from the New York Times API 1`] = `
Object {
  "data": Object {
    "allArticlesBySource": Array [
      Object {
        "author": "By NICHOLAS FANDOS",
        "id": "nyt-100000006666678",
        "source": "New York Times",
        "time": "2019-10-02",
        "title": "Welcome to Estoniaâ€™s Isle of Women",
        "url": "https://www.nytimes.com/2019/10/02/travel/kihnu.html",
      },
    ],
  },
  "errors": undefined,
  "extensions": undefined,
  "http": Object {
    "headers": Headers {
      Symbol(map): Object {},
    },
  },
}
`;
